001 - connect_errno > 0